<?php

/**
 * This file is part of fellowship/one-ring
 *
 * @copyright Copyright (c) Samwise Gamgee <samwise@example.com>
 * @license https://opensource.org/license/bsd-2-clause/ BSD 2-Clause "Simplified" License
 */

declare(strict_types=1);

namespace Foo;

/**
 * Class description
 */
class Bar
{
}
