<?php

/**
 * This file is part of fellowship/one-ring
 *
 * @copyright Copyright (c) Samwise Gamgee
 * @license https://opensource.org/license/bsd-3-clause/ BSD 3-Clause "New" or "Revised" License
 */

declare(strict_types=1);

namespace Foo;

/**
 * Class description
 */
class Bar
{
}
